vpc-7d50f206
--------------------------------------------------------------
>aws ec2 create-security-group --group-name random --vpc-id vpc-7d50f206 --description "random amazon"

>aws ec2 authorize-security-group-ingress --group-name random --protocol tcp --port 22 --cidr 0.0.0.0/0


C:\files>aws ec2 create-key-pair --key-name mongodb --query "KeyMaterial" --output text > mongodb.pem

C:\files>aws ec2 run-instances --image-id ami-70ee4f0d --subnet-id subnet-920a14cf --security-group-ids sg-627ce82b --count 1 --instance-type t2.micro --key-name mongodb --query "Instances[0].InstanceId"

An error occurred (InvalidSubnetID.NotFound) when calling the RunInstances operation: The subnet ID 'subnet-920a14cf' does not exist

C:\files>aws ec2 run-instances --image-id ami-70ee4f0d --subnet-id subnet-df3017f0 --security-group-ids sg-627ce82b --count 1 --instance-type t2.micro --key-name mongodb --query "Instances[0].InstanceId"
"i-03bff031687bb604b"

C:\Users\ashwin.bhat>aws ec2 run-instances --image-id ami-70ee4f0d --subnet-id subnet-df3017f0 --security-group-ids sg-627ce82b --count 1 --instance-type t2.micro --key-name mongodb --query *


C:\Users\ashwin.bhat>aws ec2 describe-instances --instance-ids i-0792660ac54d4eef4 --query "Reservations[0].Instances[0].PublicIpAddress"
"54.210.56.78"


C:\Users\ashwin.bhat>aws ec2 describe-volumes --query "Volumes[0]"
{
    "AvailabilityZone": "us-east-1a",
    "Attachments": [
        {
            "AttachTime": "2018-04-20T04:21:57.000Z",
            "InstanceId": "i-0792660ac54d4eef4",
            "VolumeId": "vol-076039182ef246645",
            "State": "attached",
            "DeleteOnTermination": true,
            "Device": "/dev/xvda"
        }
    ],
    "Encrypted": false,
    "VolumeType": "gp2",
    "VolumeId": "vol-076039182ef246645",
    "State": "in-use",
    "Iops": 100,
    "SnapshotId": "snap-01baa910e61cf9d49",
    "CreateTime": "2018-04-20T04:21:56.992Z",
    "Size": 8
}

C:\Users\ashwin.bhat>aws ec2 describe-volumes --query *
------------------------------------------------------------------------------------------------------------------------------------------------------------------------------------------------------------------
PS C:\Users\ashwin.bhat> aws ec2 describe-instances --query "Reservations[*].Instances[*].[InstanceId,State.Name,Placement.AvailabilityZone]" --output text
i-065bdc586a8e8422d     terminated      us-east-1a
i-0b25c4320fc4ba1a9     running us-east-1a
i-0792660ac54d4eef4     running us-east-1a

PS C:\Users\ashwin.bhat> aws ec2 describe-instances --query "Reservations[*].Instances[*].[InstanceId,State.Name,Placement.AvailabilityZone]" --output text | Select-String -Pattern "us-east-1a
" | Select-String -Pattern "running"

i-0b25c4320fc4ba1a9     running us-east-1a
i-0792660ac54d4eef4     running us-east-1a


PS C:\Users\ashwin.bhat> aws ec2 describe-instances --query "Reservations[*].Instances[*].[InstanceId,State.Name,Placement.AvailabilityZone]" --output text | Select-String -Pattern "us-east-1a
" | Select-String -Pattern "stopped"

i-0b25c4320fc4ba1a9     stopped us-east-1a
-- -----------------------------------------------------------------------------------------------------------------------------------------------------------------------------------------------------------------------
   1 cd Desktop
   2 ls
   3 git init
   4 cd "New folder"
   5 git init
   6 git add *.py
   7 git add LICENSE
   8 git add *.c
   9 git commit -m 'my first commit'
  10 git commit -m 'my first commit'
  11 git remote add origin https://github.com/AshwinBhat13/NewRepo.git
  12 git push -u origin master
  13 git clone https://github.com/AshwinBhat13/NewRepo
  14 git status


